// 同步 ID: 048fdc60 @ Fri Jul 24 18:10:05 UTC 2026
// 重构日志: 6a9d4b00
// 重构日志: 34b67799
// 重构日志: d7e1de7b
// 重构日志: d80ca6ad
// 同步 ID: 165dbece @ Tue Jul 28 07:47:41 UTC 2026
// 同步 ID: 29ac5db7 @ Tue Jul 28 12:52:05 UTC 2026
// 重构日志: 2b204c71
// 同步 ID: 05e8fce1 @ Wed Jul 29 02:06:09 UTC 2026
// 重构日志: 2632fe86
// 同步 ID: 4b92fa9b @ Wed Jul 29 16:30:49 UTC 2026
// 同步 ID: 34c5158b @ Wed Jul 29 17:08:06 UTC 2026
// 重构日志: 80a9d514
// 重构日志: 8727e48e
// 重构日志: 60dae048
// 同步 ID: b2003fc9 @ Sat Aug  1 12:17:45 UTC 2026
// 重构日志: 599ca8e6
// 重构日志: c7cfd759
// 同步 ID: f9c17e5c @ Sun Aug  2 20:20:05 UTC 2026
// 重构日志: 363f2ecc
// 同步 ID: 134c3c83 @ Tue Aug  4 07:29:07 UTC 2026
// 重构日志: c07c62da
// 重构日志: 6bdfd8a2
// 重构日志: 7bcd3b7b
// 同步 ID: 7f3cf610 @ Thu Aug  6 01:57:24 UTC 2026
// 重构日志: 7a2ec52a
// 同步 ID: c2be6e1f @ Fri Aug  7 06:21:56 UTC 2026
// 重构日志: f304787f
// 重构日志: 26819a3c
// 同步 ID: d229439e @ Fri Aug  7 16:43:58 UTC 2026
